../Core/Src/main.c:80:5:__io_putchar	16	static
../Core/Src/main.c:86:6:HAL_TIM_PeriodElapsedCallback	16	static
../Core/Src/main.c:97:5:main	88	static
../Core/Src/main.c:193:6:SystemClock_Config	88	static
../Core/Src/main.c:240:13:MX_TIM2_Init	56	static
../Core/Src/main.c:289:13:MX_TIM3_Init	48	static
../Core/Src/main.c:350:13:MX_TIM4_Init	56	static
../Core/Src/main.c:399:13:MX_TIM6_Init	24	static
../Core/Src/main.c:437:13:MX_USART1_UART_Init	8	static
../Core/Src/main.c:485:13:MX_GPIO_Init	40	static
../Core/Src/main.c:517:6:Error_Handler	4	static,ignoring_inline_asm
