../Core/Drivers/tof.c:106:6:TOF_Init_All	16	static
../Core/Drivers/tof.c:156:6:TOF_Set_Interrupt_Threshold	24	static
../Core/Drivers/tof.c:174:6:TOF_Clear_Interrupt	16	static
../Core/Drivers/tof.c:178:9:TOF_Read_All	24	static
../Core/Drivers/tof.c:193:13:writeReg	32	static
../Core/Drivers/tof.c:198:13:writeReg16Bit	40	static
../Core/Drivers/tof.c:205:13:writeReg32Bit	48	static
../Core/Drivers/tof.c:214:16:readReg	40	static
../Core/Drivers/tof.c:221:17:readReg16Bit	40	static
../Core/Drivers/tof.c:228:17:readReg32Bit	40	static
../Core/Drivers/tof.c:235:13:writeMulti	48	static
../Core/Drivers/tof.c:239:13:readMulti	48	static
../Core/Drivers/tof.c:246:6:setAddress_VL53L0X	16	static
../Core/Drivers/tof.c:251:9:getAddress_VL53L0X	16	static
../Core/Drivers/tof.c:255:9:initVL53L0X	40	static
../Core/Drivers/tof.c:426:9:setSignalRateLimit	16	static
../Core/Drivers/tof.c:433:7:getSignalRateLimit	16	static
../Core/Drivers/tof.c:438:9:setMeasurementTimingBudget	80	static
../Core/Drivers/tof.c:492:10:getMeasurementTimingBudget	64	static
../Core/Drivers/tof.c:528:9:setVcselPulsePeriod	56	static
../Core/Drivers/tof.c:633:9:getVcselPulsePeriod	16	static
../Core/Drivers/tof.c:642:6:startContinuous	24	static
../Core/Drivers/tof.c:668:6:stopContinuous	16	static
../Core/Drivers/tof.c:678:10:readRangeContinuousMillimeters	32	static
../Core/Drivers/tof.c:704:10:readRangeSingleMillimeters	16	static
../Core/Drivers/tof.c:723:6:timeoutOccurred	24	static
../Core/Drivers/tof.c:730:6:setTimeout	16	static
../Core/Drivers/tof.c:734:10:getTimeout	16	static
../Core/Drivers/tof.c:739:13:getSpadInfo	32	static
../Core/Drivers/tof.c:778:13:getSequenceStepEnables	24	static
../Core/Drivers/tof.c:789:13:getSequenceStepTimeouts	24	static
../Core/Drivers/tof.c:819:17:decodeTimeout	16	static
../Core/Drivers/tof.c:826:17:encodeTimeout	24	static
../Core/Drivers/tof.c:845:17:timeoutMclksToMicroseconds	24	static
../Core/Drivers/tof.c:851:17:timeoutMicrosecondsToMclks	24	static
../Core/Drivers/tof.c:857:13:performSingleRefCalibration	16	static
