../Core/Drivers/tof.c:106:6:TOF_Init_All	8	static
../Core/Drivers/tof.c:143:9:TOF_Read_All	24	static
../Core/Drivers/tof.c:158:13:writeReg	32	static
../Core/Drivers/tof.c:163:13:writeReg16Bit	40	static
../Core/Drivers/tof.c:170:13:writeReg32Bit	48	static
../Core/Drivers/tof.c:179:16:readReg	40	static
../Core/Drivers/tof.c:186:17:readReg16Bit	40	static
../Core/Drivers/tof.c:193:17:readReg32Bit	40	static
../Core/Drivers/tof.c:200:13:writeMulti	48	static
../Core/Drivers/tof.c:204:13:readMulti	48	static
../Core/Drivers/tof.c:211:6:setAddress_VL53L0X	16	static
../Core/Drivers/tof.c:216:9:getAddress_VL53L0X	16	static
../Core/Drivers/tof.c:220:9:initVL53L0X	40	static
../Core/Drivers/tof.c:391:9:setSignalRateLimit	16	static
../Core/Drivers/tof.c:398:7:getSignalRateLimit	16	static
../Core/Drivers/tof.c:403:9:setMeasurementTimingBudget	80	static
../Core/Drivers/tof.c:457:10:getMeasurementTimingBudget	64	static
../Core/Drivers/tof.c:493:9:setVcselPulsePeriod	56	static
../Core/Drivers/tof.c:598:9:getVcselPulsePeriod	16	static
../Core/Drivers/tof.c:607:6:startContinuous	24	static
../Core/Drivers/tof.c:633:6:stopContinuous	16	static
../Core/Drivers/tof.c:643:10:readRangeContinuousMillimeters	32	static
../Core/Drivers/tof.c:669:10:readRangeSingleMillimeters	16	static
../Core/Drivers/tof.c:688:6:timeoutOccurred	24	static
../Core/Drivers/tof.c:695:6:setTimeout	16	static
../Core/Drivers/tof.c:699:10:getTimeout	16	static
../Core/Drivers/tof.c:704:13:getSpadInfo	32	static
../Core/Drivers/tof.c:743:13:getSequenceStepEnables	24	static
../Core/Drivers/tof.c:754:13:getSequenceStepTimeouts	24	static
../Core/Drivers/tof.c:784:17:decodeTimeout	16	static
../Core/Drivers/tof.c:791:17:encodeTimeout	24	static
../Core/Drivers/tof.c:810:17:timeoutMclksToMicroseconds	24	static
../Core/Drivers/tof.c:816:17:timeoutMicrosecondsToMclks	24	static
../Core/Drivers/tof.c:822:13:performSingleRefCalibration	16	static
